[2026-09-23 12:06:11] Backed up 'C:\Windows\System32\gameux.dll' to 'C:\WinNTMU_Backups\Games Explorer\BackupFiles\Windows\System32\gameux.dll'
[2026-09-23 12:06:11] Backed up 'C:\Windows\System32\en-US\gameux.dll.mui' to 'C:\WinNTMU_Backups\Games Explorer\BackupFiles\Windows\System32\en-US\gameux.dll.mui'
[2026-09-23 12:06:11] Backed up 'C:\Windows\System32\GameUXLegacyGDFs.dll' to 'C:\WinNTMU_Backups\Games Explorer\BackupFiles\Windows\System32\GameUXLegacyGDFs.dll'
[2026-09-23 12:06:11] Backed up 'C:\Windows\System32\migration\gameuxmig.dll' to 'C:\WinNTMU_Backups\Games Explorer\BackupFiles\Windows\System32\migration\gameuxmig.dll'
[2026-09-23 12:06:11] Backed up 'C:\Windows\SysWOW64\gameux.dll' to 'C:\WinNTMU_Backups\Games Explorer\BackupFiles\Windows\SysWOW64\gameux.dll'
[2026-09-23 12:06:11] Backed up 'C:\Windows\SysWOW64\en-US\gameux.dll.mui' to 'C:\WinNTMU_Backups\Games Explorer\BackupFiles\Windows\SysWOW64\en-US\gameux.dll.mui'
[2026-09-23 12:06:11] Backed up 'C:\Windows\SysWOW64\migration\gameuxmig.dll' to 'C:\WinNTMU_Backups\Games Explorer\BackupFiles\Windows\SysWOW64\migration\gameuxmig.dll'
[2026-09-23 12:06:11] Applying registry file 'C:\Users\Administrator\Desktop\Projects\Windows_NT_Modding_Utility\EliteSoftware_WinNTMU-Packs\Packs_To-Do\gameux-1.0.0\registry\gameux.reg'...
[2026-09-23 12:06:13] Moving file 'C:\Windows\System32\gameux.dll' to 'C:\Windows\System32\gameux.dll.old.0'...
[2026-09-23 12:06:13] Copying file 'C:\Users\Administrator\Desktop\Projects\Windows_NT_Modding_Utility\EliteSoftware_WinNTMU-Packs\Packs_To-Do\gameux-1.0.0\files\System32\gameux.dll' to 'C:\Windows\System32\gameux.dll'...
[2026-09-23 12:06:13] Moving file 'C:\Windows\System32\en-US\gameux.dll.mui' to 'C:\Windows\System32\en-US\gameux.dll.mui.old.0'...
[2026-09-23 12:06:13] Copying file 'C:\Users\Administrator\Desktop\Projects\Windows_NT_Modding_Utility\EliteSoftware_WinNTMU-Packs\Packs_To-Do\gameux-1.0.0\files\System32\en-US\gameux.dll.mui' to 'C:\Windows\System32\en-US\gameux.dll.mui'...
[2026-09-23 12:06:13] Moving file 'C:\Windows\System32\GameUXLegacyGDFs.dll' to 'C:\Windows\System32\GameUXLegacyGDFs.dll.old.0'...
[2026-09-23 12:06:13] Copying file 'C:\Users\Administrator\Desktop\Projects\Windows_NT_Modding_Utility\EliteSoftware_WinNTMU-Packs\Packs_To-Do\gameux-1.0.0\files\System32\GameUXLegacyGDFs.dll' to 'C:\Windows\System32\GameUXLegacyGDFs.dll'...
[2026-09-23 12:06:13] Moving file 'C:\Windows\System32\migration\gameuxmig.dll' to 'C:\Windows\System32\migration\gameuxmig.dll.old.0'...
[2026-09-23 12:06:13] Copying file 'C:\Users\Administrator\Desktop\Projects\Windows_NT_Modding_Utility\EliteSoftware_WinNTMU-Packs\Packs_To-Do\gameux-1.0.0\files\System32\migration\gameuxmig.dll' to 'C:\Windows\System32\migration\gameuxmig.dll'...
[2026-09-23 12:06:13] Moving file 'C:\Windows\SysWOW64\gameux.dll' to 'C:\Windows\SysWOW64\gameux.dll.old.0'...
[2026-09-23 12:06:13] Copying file 'C:\Users\Administrator\Desktop\Projects\Windows_NT_Modding_Utility\EliteSoftware_WinNTMU-Packs\Packs_To-Do\gameux-1.0.0\files\SysWOW64\gameux.dll' to 'C:\Windows\SysWOW64\gameux.dll'...
[2026-09-23 12:06:13] Moving file 'C:\Windows\SysWOW64\en-US\gameux.dll.mui' to 'C:\Windows\SysWOW64\en-US\gameux.dll.mui.old.0'...
[2026-09-23 12:06:13] Copying file 'C:\Users\Administrator\Desktop\Projects\Windows_NT_Modding_Utility\EliteSoftware_WinNTMU-Packs\Packs_To-Do\gameux-1.0.0\files\SysWOW64\en-US\gameux.dll.mui' to 'C:\Windows\SysWOW64\en-US\gameux.dll.mui'...
[2026-09-23 12:06:13] Moving file 'C:\Windows\SysWOW64\migration\gameuxmig.dll' to 'C:\Windows\SysWOW64\migration\gameuxmig.dll.old.0'...
[2026-09-23 12:06:13] Copying file 'C:\Users\Administrator\Desktop\Projects\Windows_NT_Modding_Utility\EliteSoftware_WinNTMU-Packs\Packs_To-Do\gameux-1.0.0\files\SysWOW64\migration\gameuxmig.dll' to 'C:\Windows\SysWOW64\migration\gameuxmig.dll'...
[2026-09-23 12:06:13] All done!
[2026-09-23 13:22:00] Backed up 'C:\Windows\System32\gameux.dll' to 'C:\Users\Administrator\Desktop\Projects\Windows_NT_Modding_Utility\Windows_NT_Modding_Utility-FORK\x64\Release\WinNTMU_Backups\Games Explorer\BackupFiles\Windows\System32\gameux.dll'
[2026-09-23 13:22:00] Backed up 'C:\Windows\System32\en-US\gameux.dll.mui' to 'C:\Users\Administrator\Desktop\Projects\Windows_NT_Modding_Utility\Windows_NT_Modding_Utility-FORK\x64\Release\WinNTMU_Backups\Games Explorer\BackupFiles\Windows\System32\en-US\gameux.dll.mui'
[2026-09-23 13:22:00] Backed up 'C:\Windows\System32\GameUXLegacyGDFs.dll' to 'C:\Users\Administrator\Desktop\Projects\Windows_NT_Modding_Utility\Windows_NT_Modding_Utility-FORK\x64\Release\WinNTMU_Backups\Games Explorer\BackupFiles\Windows\System32\GameUXLegacyGDFs.dll'
[2026-09-23 13:22:00] Backed up 'C:\Windows\System32\migration\gameuxmig.dll' to 'C:\Users\Administrator\Desktop\Projects\Windows_NT_Modding_Utility\Windows_NT_Modding_Utility-FORK\x64\Release\WinNTMU_Backups\Games Explorer\BackupFiles\Windows\System32\migration\gameuxmig.dll'
[2026-09-23 13:22:00] Backed up 'C:\Windows\SysWOW64\gameux.dll' to 'C:\Users\Administrator\Desktop\Projects\Windows_NT_Modding_Utility\Windows_NT_Modding_Utility-FORK\x64\Release\WinNTMU_Backups\Games Explorer\BackupFiles\Windows\SysWOW64\gameux.dll'
[2026-09-23 13:22:00] Backed up 'C:\Windows\SysWOW64\en-US\gameux.dll.mui' to 'C:\Users\Administrator\Desktop\Projects\Windows_NT_Modding_Utility\Windows_NT_Modding_Utility-FORK\x64\Release\WinNTMU_Backups\Games Explorer\BackupFiles\Windows\SysWOW64\en-US\gameux.dll.mui'
[2026-09-23 13:22:00] Backed up 'C:\Windows\SysWOW64\migration\gameuxmig.dll' to 'C:\Users\Administrator\Desktop\Projects\Windows_NT_Modding_Utility\Windows_NT_Modding_Utility-FORK\x64\Release\WinNTMU_Backups\Games Explorer\BackupFiles\Windows\SysWOW64\migration\gameuxmig.dll'
[2026-09-23 13:22:00] Applying registry file 'C:\Users\Administrator\Desktop\Projects\Windows_NT_Modding_Utility\EliteSoftware_WinNTMU-Packs\Packs_To-Do\gameux-1.0.0\registry\gameux.reg'...
[2026-09-23 13:22:02] Moving file 'C:\Windows\System32\gameux.dll' to 'C:\Windows\System32\gameux.dll.old.1'...
[2026-09-23 13:22:02] Copying file 'C:\Users\Administrator\Desktop\Projects\Windows_NT_Modding_Utility\EliteSoftware_WinNTMU-Packs\Packs_To-Do\gameux-1.0.0\files\System32\gameux.dll' to 'C:\Windows\System32\gameux.dll'...
[2026-09-23 13:22:02] Moving file 'C:\Windows\System32\en-US\gameux.dll.mui' to 'C:\Windows\System32\en-US\gameux.dll.mui.old.1'...
[2026-09-23 13:22:03] Copying file 'C:\Users\Administrator\Desktop\Projects\Windows_NT_Modding_Utility\EliteSoftware_WinNTMU-Packs\Packs_To-Do\gameux-1.0.0\files\System32\en-US\gameux.dll.mui' to 'C:\Windows\System32\en-US\gameux.dll.mui'...
[2026-09-23 13:22:03] Moving file 'C:\Windows\System32\GameUXLegacyGDFs.dll' to 'C:\Windows\System32\GameUXLegacyGDFs.dll.old.1'...
[2026-09-23 13:22:03] Copying file 'C:\Users\Administrator\Desktop\Projects\Windows_NT_Modding_Utility\EliteSoftware_WinNTMU-Packs\Packs_To-Do\gameux-1.0.0\files\System32\GameUXLegacyGDFs.dll' to 'C:\Windows\System32\GameUXLegacyGDFs.dll'...
[2026-09-23 13:22:03] Moving file 'C:\Windows\System32\migration\gameuxmig.dll' to 'C:\Windows\System32\migration\gameuxmig.dll.old.1'...
[2026-09-23 13:22:03] Copying file 'C:\Users\Administrator\Desktop\Projects\Windows_NT_Modding_Utility\EliteSoftware_WinNTMU-Packs\Packs_To-Do\gameux-1.0.0\files\System32\migration\gameuxmig.dll' to 'C:\Windows\System32\migration\gameuxmig.dll'...
[2026-09-23 13:22:03] Moving file 'C:\Windows\SysWOW64\gameux.dll' to 'C:\Windows\SysWOW64\gameux.dll.old.1'...
[2026-09-23 13:22:03] Copying file 'C:\Users\Administrator\Desktop\Projects\Windows_NT_Modding_Utility\EliteSoftware_WinNTMU-Packs\Packs_To-Do\gameux-1.0.0\files\SysWOW64\gameux.dll' to 'C:\Windows\SysWOW64\gameux.dll'...
[2026-09-23 13:22:03] Moving file 'C:\Windows\SysWOW64\en-US\gameux.dll.mui' to 'C:\Windows\SysWOW64\en-US\gameux.dll.mui.old.1'...
[2026-09-23 13:22:03] Copying file 'C:\Users\Administrator\Desktop\Projects\Windows_NT_Modding_Utility\EliteSoftware_WinNTMU-Packs\Packs_To-Do\gameux-1.0.0\files\SysWOW64\en-US\gameux.dll.mui' to 'C:\Windows\SysWOW64\en-US\gameux.dll.mui'...
[2026-09-23 13:22:03] Moving file 'C:\Windows\SysWOW64\migration\gameuxmig.dll' to 'C:\Windows\SysWOW64\migration\gameuxmig.dll.old.1'...
[2026-09-23 13:22:03] Copying file 'C:\Users\Administrator\Desktop\Projects\Windows_NT_Modding_Utility\EliteSoftware_WinNTMU-Packs\Packs_To-Do\gameux-1.0.0\files\SysWOW64\migration\gameuxmig.dll' to 'C:\Windows\SysWOW64\migration\gameuxmig.dll'...
[2026-09-23 13:22:03] All done!
[2026-09-23 13:51:54] Backed up 'C:\Windows\System32\authuac.dll' to 'C:\Users\Administrator\Desktop\Projects\Windows_NT_Modding_Utility\Windows_NT_Modding_Utility-FORK\x64\Release\WinNTMU_Backups\Classic UserAccountControl DirectUI Concent Dialogs +Plus\BackupFiles\Windows\System32\authuac.dll'
[2026-09-23 13:51:54] Backed up 'C:\Windows\System32\en-US\authuac.dll.mui' to 'C:\Users\Administrator\Desktop\Projects\Windows_NT_Modding_Utility\Windows_NT_Modding_Utility-FORK\x64\Release\WinNTMU_Backups\Classic UserAccountControl DirectUI Concent Dialogs +Plus\BackupFiles\Windows\System32\en-US\authuac.dll.mui'
[2026-09-23 13:51:54] Backed up 'C:\Windows\SystemResources\Shell32.dll.mun' to 'C:\Users\Administrator\Desktop\Projects\Windows_NT_Modding_Utility\Windows_NT_Modding_Utility-FORK\x64\Release\WinNTMU_Backups\Classic UserAccountControl DirectUI Concent Dialogs +Plus\BackupFiles\Windows\SystemResources\Shell32.dll.mun'
[2026-09-23 13:51:54] Backed up 'C:\Windows\SystemResources\imageres.dll.mun' to 'C:\Users\Administrator\Desktop\Projects\Windows_NT_Modding_Utility\Windows_NT_Modding_Utility-FORK\x64\Release\WinNTMU_Backups\Classic UserAccountControl DirectUI Concent Dialogs +Plus\BackupFiles\Windows\SystemResources\imageres.dll.mun'
[2026-09-23 13:51:54] Backed up 'C:\Windows\System32\authuac.dll' to 'C:\Users\Administrator\Desktop\Projects\Windows_NT_Modding_Utility\Windows_NT_Modding_Utility-FORK\x64\Release\WinNTMU_Backups\Classic UserAccountControl DirectUI Concent Dialogs +Plus\BackupFiles\Windows\System32\authuac.dll'
[2026-09-23 13:51:54] Backed up 'C:\Windows\System32\en-US\authuac.dll.mui' to 'C:\Users\Administrator\Desktop\Projects\Windows_NT_Modding_Utility\Windows_NT_Modding_Utility-FORK\x64\Release\WinNTMU_Backups\Classic UserAccountControl DirectUI Concent Dialogs +Plus\BackupFiles\Windows\System32\en-US\authuac.dll.mui'
[2026-09-23 13:51:54] Backed up 'C:\Windows\SystemResources\Shell32.dll.mun' to 'C:\Users\Administrator\Desktop\Projects\Windows_NT_Modding_Utility\Windows_NT_Modding_Utility-FORK\x64\Release\WinNTMU_Backups\Classic UserAccountControl DirectUI Concent Dialogs +Plus\BackupFiles\Windows\SystemResources\Shell32.dll.mun'
[2026-09-23 13:51:54] Backed up 'C:\Windows\SystemResources\imageres.dll.mun' to 'C:\Users\Administrator\Desktop\Projects\Windows_NT_Modding_Utility\Windows_NT_Modding_Utility-FORK\x64\Release\WinNTMU_Backups\Classic UserAccountControl DirectUI Concent Dialogs +Plus\BackupFiles\Windows\SystemResources\imageres.dll.mun'
[2026-09-23 13:51:54] Backed up 'C:\Windows\System32\authuac.dll' to 'C:\Users\Administrator\Desktop\Projects\Windows_NT_Modding_Utility\Windows_NT_Modding_Utility-FORK\x64\Release\WinNTMU_Backups\Classic UserAccountControl DirectUI Concent Dialogs +Plus\BackupFiles\Windows\System32\authuac.dll'
[2026-09-23 13:51:54] Backed up 'C:\Windows\System32\en-US\authuac.dll.mui' to 'C:\Users\Administrator\Desktop\Projects\Windows_NT_Modding_Utility\Windows_NT_Modding_Utility-FORK\x64\Release\WinNTMU_Backups\Classic UserAccountControl DirectUI Concent Dialogs +Plus\BackupFiles\Windows\System32\en-US\authuac.dll.mui'
[2026-09-23 13:51:54] Backed up 'C:\Windows\System32\authuac.dll' to 'C:\Users\Administrator\Desktop\Projects\Windows_NT_Modding_Utility\Windows_NT_Modding_Utility-FORK\x64\Release\WinNTMU_Backups\Classic UserAccountControl DirectUI Concent Dialogs +Plus\BackupFiles\Windows\System32\authuac.dll'
[2026-09-23 13:51:54] Backed up 'C:\Windows\System32\en-US\authuac.dll.mui' to 'C:\Users\Administrator\Desktop\Projects\Windows_NT_Modding_Utility\Windows_NT_Modding_Utility-FORK\x64\Release\WinNTMU_Backups\Classic UserAccountControl DirectUI Concent Dialogs +Plus\BackupFiles\Windows\System32\en-US\authuac.dll.mui'
[2026-09-23 13:51:54] Backed up 'C:\Windows\System32\consent.exe' to 'C:\Users\Administrator\Desktop\Projects\Windows_NT_Modding_Utility\Windows_NT_Modding_Utility-FORK\x64\Release\WinNTMU_Backups\Classic UserAccountControl DirectUI Concent Dialogs +Plus\BackupFiles\Windows\System32\consent.exe'
[2026-09-23 13:51:54] Backed up 'C:\Windows\System32\wincredui.dll' to 'C:\Users\Administrator\Desktop\Projects\Windows_NT_Modding_Utility\Windows_NT_Modding_Utility-FORK\x64\Release\WinNTMU_Backups\Classic UserAccountControl DirectUI Concent Dialogs +Plus\BackupFiles\Windows\System32\wincredui.dll'
[2026-09-23 13:51:54] Backed up 'C:\Windows\System32\UIRibbon.dll' to 'C:\Users\Administrator\Desktop\Projects\Windows_NT_Modding_Utility\Windows_NT_Modding_Utility-FORK\x64\Release\WinNTMU_Backups\Classic UserAccountControl DirectUI Concent Dialogs +Plus\BackupFiles\Windows\System32\UIRibbon.dll'
[2026-09-23 13:51:54] Backed up 'C:\Windows\System32\UIRibbonRes.dll' to 'C:\Users\Administrator\Desktop\Projects\Windows_NT_Modding_Utility\Windows_NT_Modding_Utility-FORK\x64\Release\WinNTMU_Backups\Classic UserAccountControl DirectUI Concent Dialogs +Plus\BackupFiles\Windows\System32\UIRibbonRes.dll'
[2026-09-23 13:51:55] Backed up 'C:\Windows\System32\en-US\UIRibbon.dll.mui' to 'C:\Users\Administrator\Desktop\Projects\Windows_NT_Modding_Utility\Windows_NT_Modding_Utility-FORK\x64\Release\WinNTMU_Backups\Classic UserAccountControl DirectUI Concent Dialogs +Plus\BackupFiles\Windows\System32\en-US\UIRibbon.dll.mui'
[2026-09-23 13:51:55] Backed up 'C:\Windows\SysWOW64\UIRibbon.dll' to 'C:\Users\Administrator\Desktop\Projects\Windows_NT_Modding_Utility\Windows_NT_Modding_Utility-FORK\x64\Release\WinNTMU_Backups\Classic UserAccountControl DirectUI Concent Dialogs +Plus\BackupFiles\Windows\SysWOW64\UIRibbon.dll'
[2026-09-23 13:51:55] Backed up 'C:\Windows\SysWOW64\UIRibbonRes.dll' to 'C:\Users\Administrator\Desktop\Projects\Windows_NT_Modding_Utility\Windows_NT_Modding_Utility-FORK\x64\Release\WinNTMU_Backups\Classic UserAccountControl DirectUI Concent Dialogs +Plus\BackupFiles\Windows\SysWOW64\UIRibbonRes.dll'
[2026-09-23 13:51:55] Backed up 'C:\Windows\SysWOW64\en-US\UIRibbon.dll.mui' to 'C:\Users\Administrator\Desktop\Projects\Windows_NT_Modding_Utility\Windows_NT_Modding_Utility-FORK\x64\Release\WinNTMU_Backups\Classic UserAccountControl DirectUI Concent Dialogs +Plus\BackupFiles\Windows\SysWOW64\en-US\UIRibbon.dll.mui'
[2026-09-23 13:51:55] Applying registry file 'C:\Users\Administrator\Desktop\Projects\Windows_NT_Modding_Utility\EliteSoftware_WinNTMU-Packs\EliteSoftware WinNTMU Packs\EliteSoftware__ClassicUAC_2.0.1.2\registry\entries.reg'...
[2026-09-23 13:51:57] Moving file 'C:\Windows\System32\authuac.dll' to 'C:\Windows\System32\authuac.dll.old.2'...
[2026-09-23 13:51:57] Copying file 'C:\Users\Administrator\Desktop\Projects\Windows_NT_Modding_Utility\EliteSoftware_WinNTMU-Packs\EliteSoftware WinNTMU Packs\EliteSoftware__ClassicUAC_2.0.1.2\resources\variants\vista_teal\authuac.dll' to 'C:\Windows\System32\authuac.dll'...
[2026-09-23 13:51:57] Moving file 'C:\Windows\System32\en-US\authuac.dll.mui' to 'C:\Windows\System32\en-US\authuac.dll.mui.old.1'...
[2026-09-23 13:51:57] Copying file 'C:\Users\Administrator\Desktop\Projects\Windows_NT_Modding_Utility\EliteSoftware_WinNTMU-Packs\EliteSoftware WinNTMU Packs\EliteSoftware__ClassicUAC_2.0.1.2\resources\variants\vista_teal\authuac.dll.mui' to 'C:\Windows\System32\en-US\authuac.dll.mui'...
[2026-09-23 13:51:57] Moving file 'C:\Windows\SystemResources\Shell32.dll.mun' to 'C:\Windows\SystemResources\Shell32.dll.mun.old.0'...
[2026-09-23 13:51:57] Copying file 'C:\Users\Administrator\Desktop\Projects\Windows_NT_Modding_Utility\EliteSoftware_WinNTMU-Packs\EliteSoftware WinNTMU Packs\EliteSoftware__ClassicUAC_2.0.1.2\resources\Shell32.dll.mun' to 'C:\Windows\SystemResources\Shell32.dll.mun'...
[2026-09-23 13:51:57] Moving file 'C:\Windows\SystemResources\imageres.dll.mun' to 'C:\Windows\SystemResources\imageres.dll.mun.old.0'...
[2026-09-23 13:51:57] Copying file 'C:\Users\Administrator\Desktop\Projects\Windows_NT_Modding_Utility\EliteSoftware_WinNTMU-Packs\EliteSoftware WinNTMU Packs\EliteSoftware__ClassicUAC_2.0.1.2\resources\imageres.dll.mun' to 'C:\Windows\SystemResources\imageres.dll.mun'...
[2026-09-23 13:51:57] Moving file 'C:\Windows\System32\consent.exe' to 'C:\Windows\System32\consent.exe.old.3'...
[2026-09-23 13:51:57] Copying file 'C:\Users\Administrator\Desktop\Projects\Windows_NT_Modding_Utility\EliteSoftware_WinNTMU-Packs\EliteSoftware WinNTMU Packs\EliteSoftware__ClassicUAC_2.0.1.2\resources\consent.exe' to 'C:\Windows\System32\consent.exe'...
[2026-09-23 13:51:57] Moving file 'C:\Windows\System32\wincredui.dll' to 'C:\Windows\System32\wincredui.dll.old.3'...
[2026-09-23 13:51:57] Copying file 'C:\Users\Administrator\Desktop\Projects\Windows_NT_Modding_Utility\EliteSoftware_WinNTMU-Packs\EliteSoftware WinNTMU Packs\EliteSoftware__ClassicUAC_2.0.1.2\resources\wincredui.dll' to 'C:\Windows\System32\wincredui.dll'...
[2026-09-23 13:51:57] Moving file 'C:\Windows\System32\UIRibbon.dll' to 'C:\Windows\System32\UIRibbon.dll.old.1'...
[2026-09-23 13:51:57] Copying file 'C:\Users\Administrator\Desktop\Projects\Windows_NT_Modding_Utility\EliteSoftware_WinNTMU-Packs\EliteSoftware WinNTMU Packs\EliteSoftware__ClassicUAC_2.0.1.2\System32\UIRibbon.dll' to 'C:\Windows\System32\UIRibbon.dll'...
[2026-09-23 13:51:57] Moving file 'C:\Windows\System32\UIRibbonRes.dll' to 'C:\Windows\System32\UIRibbonRes.dll.old.1'...
[2026-09-23 13:51:57] Copying file 'C:\Users\Administrator\Desktop\Projects\Windows_NT_Modding_Utility\EliteSoftware_WinNTMU-Packs\EliteSoftware WinNTMU Packs\EliteSoftware__ClassicUAC_2.0.1.2\System32\UIRibbonRes.dll' to 'C:\Windows\System32\UIRibbonRes.dll'...
[2026-09-23 13:51:57] Moving file 'C:\Windows\System32\en-US\UIRibbon.dll.mui' to 'C:\Windows\System32\en-US\UIRibbon.dll.mui.old.1'...
[2026-09-23 13:51:57] Copying file 'C:\Users\Administrator\Desktop\Projects\Windows_NT_Modding_Utility\EliteSoftware_WinNTMU-Packs\EliteSoftware WinNTMU Packs\EliteSoftware__ClassicUAC_2.0.1.2\System32\en-US\UIRibbon.dll.mui' to 'C:\Windows\System32\en-US\UIRibbon.dll.mui'...
[2026-09-23 13:51:57] Moving file 'C:\Windows\SysWOW64\UIRibbon.dll' to 'C:\Windows\SysWOW64\UIRibbon.dll.old.1'...
[2026-09-23 13:51:57] Copying file 'C:\Users\Administrator\Desktop\Projects\Windows_NT_Modding_Utility\EliteSoftware_WinNTMU-Packs\EliteSoftware WinNTMU Packs\EliteSoftware__ClassicUAC_2.0.1.2\SysWOW64\UIRibbon.dll' to 'C:\Windows\SysWOW64\UIRibbon.dll'...
[2026-09-23 13:51:57] Moving file 'C:\Windows\SysWOW64\UIRibbonRes.dll' to 'C:\Windows\SysWOW64\UIRibbonRes.dll.old.0'...
[2026-09-23 13:51:57] Copying file 'C:\Users\Administrator\Desktop\Projects\Windows_NT_Modding_Utility\EliteSoftware_WinNTMU-Packs\EliteSoftware WinNTMU Packs\EliteSoftware__ClassicUAC_2.0.1.2\SysWOW64\UIRibbonRes.dll' to 'C:\Windows\SysWOW64\UIRibbonRes.dll'...
[2026-09-23 13:51:57] Moving file 'C:\Windows\SysWOW64\en-US\UIRibbon.dll.mui' to 'C:\Windows\SysWOW64\en-US\UIRibbon.dll.mui.old.1'...
[2026-09-23 13:51:57] Copying file 'C:\Users\Administrator\Desktop\Projects\Windows_NT_Modding_Utility\EliteSoftware_WinNTMU-Packs\EliteSoftware WinNTMU Packs\EliteSoftware__ClassicUAC_2.0.1.2\SysWOW64\en-US\UIRibbon.dll.mui' to 'C:\Windows\SysWOW64\en-US\UIRibbon.dll.mui'...
[2026-09-23 13:51:57] All done!
